[studio.app-mockup.com/index.html]
[app-mockup.com/assets/img/favicon/apple-touch-icon-57x57.0.delayed]
[app-mockup.com/assets/img/favicon/apple-touch-icon-114x114.png]
[app-mockup.com/assets/img/favicon/apple-touch-icon-72x72.png]
[app-mockup.com/assets/img/favicon/apple-touch-icon-144x144.png]
[app-mockup.com/assets/img/favicon/apple-touch-icon-60x60.png]
[app-mockup.com/assets/img/favicon/apple-touch-icon-120x120.png]
[app-mockup.com/assets/img/favicon/apple-touch-icon-76x76.png]
[app-mockup.com/assets/img/favicon/apple-touch-icon-152x152.png]
[app-mockup.com/assets/img/favicon/favicon-196x196.png]
[app-mockup.com/assets/img/favicon/favicon-96x96.png]
[app-mockup.com/assets/img/favicon/favicon-32x32.png]
[app-mockup.com/assets/img/favicon/favicon-16x16.png]
[app-mockup.com/assets/img/favicon/favicon-128.png]
[app-mockup.com/assets/img/favicon/mstile-144x144.png]
[app-mockup.com/assets/img/favicon/mstile-70x70.png]
[app-mockup.com/assets/img/favicon/mstile-150x150.png]
[app-mockup.com/assets/img/favicon/mstile-310x150.png]
[app-mockup.com/assets/img/favicon/mstile-310x310.png]
[backblue.gif]
[fade.gif]
[index.html]
[app-mockup.com/assets/img/opengraph/og-main.png]
[app-mockup.com/assets/img/opengraph/og-main-twitter.jpg]
[cdnjs.buymeacoffee.com/1.0.0/widget.prod.min.js]
[studio.app-mockup.com/main.7403e5cae7adfcadbb15.css]
[studio.app-mockup.com/index.html]
[app-mockup.com/assets/img/favicon/apple-touch-icon-57x57.html]
[app-mockup.com/assets/img/favicon/apple-touch-icon-114x114.html]
[app-mockup.com/assets/img/favicon/apple-touch-icon-72x72.html]
[app-mockup.com/assets/img/favicon/apple-touch-icon-144x144.html]
[app-mockup.com/assets/img/favicon/apple-touch-icon-60x60.html]
[app-mockup.com/assets/img/favicon/apple-touch-icon-120x120.html]
[app-mockup.com/assets/img/favicon/apple-touch-icon-76x76.html]
[app-mockup.com/assets/img/favicon/apple-touch-icon-152x152.html]
[app-mockup.com/assets/img/favicon/favicon-196x196.html]
[app-mockup.com/assets/img/favicon/favicon-96x96.html]
[app-mockup.com/assets/img/favicon/favicon-32x32.html]
[app-mockup.com/assets/img/favicon/favicon-16x16.html]
[app-mockup.com/assets/img/favicon/favicon-128.html]
[app-mockup.com/assets/img/favicon/mstile-144x144.html]
[app-mockup.com/assets/img/favicon/mstile-70x70.html]
[app-mockup.com/assets/img/favicon/mstile-150x150.html]
[app-mockup.com/assets/img/favicon/mstile-310x150.html]
[app-mockup.com/assets/img/favicon/mstile-310x310.html]
[app-mockup.com/assets/img/opengraph/og-main.html]
[app-mockup.com/assets/img/opengraph/og-main-twitter.html]
[studio.app-mockup.com/main.7403e5cae7adfcadbb15.css]
[studio.app-mockup.com/bundle.7403e5cae7adfcadbb15.js]
